// Jest Snapshot v1, https://goo.gl/fbAQLP

exports[`Tests in <GifGrid /> should match with the snapshot 1`] = `
<div>
  <div
    class="card"
  >
    <img
      alt="The Office"
      src="https://media.giphy.com/media/3o7TKsQ8UQY1NlC5aU/giphy.gif"
    />
    <p>
      The Office
    </p>
  </div>
</div>
`;
